../Core/Src/main.c:198:5:main	8	static
../Core/Src/main.c:280:6:SystemClock_Config	88	static
../Core/Src/main.c:324:6:test_func	32	static
../Core/Src/main.c:340:6:main_process_input	80	static
../Core/Src/main.c:517:6:config_process_input	472	static
../Core/Src/main.c:710:6:menu_main	8	static
../Core/Src/main.c:750:6:menu_config	8	static
../Core/Src/main.c:778:6:get_user_input	32	static
../Core/Src/main.c:811:6:print_char	16	static
../Core/Src/main.c:816:6:print_serial_number	8	static
../Core/Src/main.c:832:9:is_num	24	static
../Core/Src/main.c:841:6:multiplexer_set	16	static
../Core/Src/main.c:847:6:print_inline	24	static
../Core/Src/main.c:857:6:parameter_init	24	static
../Core/Src/main.c:887:6:HAL_UART_RxCpltCallback	16	static
../Core/Src/main.c:907:6:HAL_ADC_ConvCpltCallback	16	static
../Core/Src/main.c:920:6:uartrx_interrupt_init	8	static
../Core/Src/main.c:953:6:unground_xbt	8	static
../Core/Src/main.c:961:6:calibration_resistor	8	static
../Core/Src/main.c:969:6:calibrate_on	8	static
../Core/Src/main.c:977:6:reset_relay	8	static
../Core/Src/main.c:989:6:connect_xbt_pin	16	static
../Core/Src/main.c:1035:6:relay_init	8	static
../Core/Src/main.c:1044:6:drive_relay	16	static
../Core/Src/main.c:1059:6:extend_all_pins	24	static
../Core/Src/main.c:1069:6:retract_all_pins	24	static
../Core/Src/main.c:1080:6:extend_pin	16	static
../Core/Src/main.c:1090:6:retract_pin	16	static
../Core/Src/main.c:1101:6:motor_select	24	static
../Core/Src/main.c:1144:6:motor_init	8	static
../Core/Src/main.c:1158:6:drive_motor	136	static
../Core/Src/main.c:1258:11:get_adc_values	96	static
../Core/Src/main.c:1300:9:get_decimal	32	static
../Core/Src/main.c:1319:6:eeprom_write	32	static
../Core/Src/main.c:1332:9:eeprom_read	32	static
../Core/Src/main.c:1349:9:eeprom_clear	24	static
../Core/Src/main.c:1363:6:eeprom_print_map	24	static
../Core/Src/main.c:1378:6:eeprom_write_uint32	24	static
../Core/Src/main.c:1389:6:eeprom_write_nbytes	24	static
../Core/Src/main.c:1402:6:eeprom_read_nbytes	24	static
../Core/Src/main.c:1414:10:eeprom_read_uint32	40	static
../Core/Src/main.c:1786:6:Error_Handler	4	static,ignoring_inline_asm
