../Core/Src/main.c:135:5:main	8	static
../Core/Src/main.c:211:6:SystemClock_Config	88	static
../Core/Src/main.c:259:6:main_process_input	16	static
../Core/Src/main.c:427:6:config_process_input	48	static
../Core/Src/main.c:526:6:menu_main	8	static
../Core/Src/main.c:565:6:menu_config	8	static
../Core/Src/main.c:589:6:print_serial_number	8	static
../Core/Src/main.c:604:9:is_num	24	static
../Core/Src/main.c:613:6:multiplexer_set	16	static
../Core/Src/main.c:617:6:print_inline	24	static
../Core/Src/main.c:627:5:__io_putchar	16	static
../Core/Src/main.c:633:6:parameter_init	8	static
../Core/Src/main.c:649:6:HAL_UART_RxCpltCallback	16	static
../Core/Src/main.c:665:6:unground_xbt	8	static
../Core/Src/main.c:673:6:calibration_resistor	8	static
../Core/Src/main.c:681:6:calibrate_on	8	static
../Core/Src/main.c:689:6:reset_relay	8	static
../Core/Src/main.c:701:6:connect_xbt_pin	16	static
../Core/Src/main.c:747:6:relay_init	8	static
../Core/Src/main.c:756:6:drive_relay	16	static
../Core/Src/main.c:770:6:extend_pin	16	static
../Core/Src/main.c:779:6:retract_pin	16	static
../Core/Src/main.c:790:6:motor_select	16	static
../Core/Src/main.c:832:6:eeprom_write	32	static
../Core/Src/main.c:842:9:eeprom_read	32	static
../Core/Src/main.c:858:9:processInput	232	static
../Core/Src/main.c:1146:6:motor_init	8	static
../Core/Src/main.c:1157:6:drive_motor	96	static
../Core/Src/main.c:1202:6:Error_Handler	4	static,ignoring_inline_asm
