../Core/Src/main.c:126:5:main	8	static
../Core/Src/main.c:204:6:SystemClock_Config	88	static
../Core/Src/main.c:249:6:print_inline	24	static
../Core/Src/main.c:259:5:__io_putchar	16	static
../Core/Src/main.c:265:6:parameter_init	4	static
../Core/Src/main.c:271:6:HAL_UART_RxCpltCallback	16	static
../Core/Src/main.c:281:6:main_process_input	16	static
../Core/Src/main.c:449:6:config_process_input	24	static
../Core/Src/main.c:547:6:menu_main	8	static
../Core/Src/main.c:586:6:menu_config	8	static
../Core/Src/main.c:607:6:print_serial_number	8	static
../Core/Src/main.c:622:9:is_num	24	static
../Core/Src/main.c:629:6:multiplexer_set	16	static
../Core/Src/main.c:637:6:unground_xbt	8	static
../Core/Src/main.c:645:6:calibration_resistor	8	static
../Core/Src/main.c:653:6:calibrate_on	8	static
../Core/Src/main.c:661:6:reset_relay	8	static
../Core/Src/main.c:674:6:connect_xbt_pin	16	static
../Core/Src/main.c:739:9:processInput	232	static
../Core/Src/main.c:1027:6:relay_init	8	static
../Core/Src/main.c:1036:6:drive_relay	16	static
../Core/Src/main.c:1045:6:motor_init	8	static
../Core/Src/main.c:1056:6:drive_motor	96	static
../Core/Src/main.c:1101:6:Error_Handler	4	static,ignoring_inline_asm
