../Core/Src/main.c:225:5:main	8	static
../Core/Src/main.c:308:6:SystemClock_Config	88	static
../Core/Src/main.c:352:6:test_func	32	static
../Core/Src/main.c:369:6:menu_main_print	8	static
../Core/Src/main.c:411:6:menu_main_process_input	16	static
../Core/Src/main.c:599:6:menu_print_volt_temp	72	static
../Core/Src/main.c:611:6:menu_config_print	8	static
../Core/Src/main.c:643:6:menu_config_process_input	16	static
../Core/Src/main.c:716:6:menu_config_tubes_type_serial	280	static
../Core/Src/main.c:764:6:menu_clear_memory	184	static
../Core/Src/main.c:821:6:motor_read_stats	16	static
../Core/Src/main.c:851:6:motor_set_runtime	184	static
../Core/Src/main.c:881:6:motor_set_sampling_period	184	static
../Core/Src/main.c:920:6:motor_set_pwm_freq	184	static
../Core/Src/main.c:960:6:update_timer	32	static
../Core/Src/main.c:988:6:motor_set_wiring	128	static
../Core/Src/main.c:1016:6:motor_reset_stats	16	static
../Core/Src/main.c:1023:6:motor_read_parameters	96	static
../Core/Src/main.c:1058:6:menu_help_print	4	static
../Core/Src/main.c:1065:6:get_user_input	32	static
../Core/Src/main.c:1098:6:print_char	16	static
../Core/Src/main.c:1103:6:print_serial_number	8	static
../Core/Src/main.c:1119:9:is_num	24	static
../Core/Src/main.c:1127:9:get_decimal	32	static
../Core/Src/main.c:1140:6:multiplexer_set	16	static
../Core/Src/main.c:1146:6:print_inline	24	static
../Core/Src/main.c:1157:6:parameter_init	8	static
../Core/Src/main.c:1179:6:HAL_UART_RxCpltCallback	16	static
../Core/Src/main.c:1200:6:HAL_ADC_ConvCpltCallback	16	static
../Core/Src/main.c:1213:6:uartrx_interrupt_init	8	static
../Core/Src/main.c:1246:6:unground_xbt	8	static
../Core/Src/main.c:1254:6:calibration_resistor	8	static
../Core/Src/main.c:1262:6:calibrate_on	8	static
../Core/Src/main.c:1270:6:reset_relay	8	static
../Core/Src/main.c:1282:6:connect_xbt_pin	16	static
../Core/Src/main.c:1328:6:relay_init	8	static
../Core/Src/main.c:1337:6:drive_relay	16	static
../Core/Src/main.c:1354:6:extend_all_pins	24	static
../Core/Src/main.c:1364:6:retract_all_pins	24	static
../Core/Src/main.c:1375:6:extend_pin	16	static
../Core/Src/main.c:1385:6:retract_pin	16	static
../Core/Src/main.c:1396:6:motor_select	24	static
../Core/Src/main.c:1451:6:motor_count_update	16	static
../Core/Src/main.c:1459:6:motor_imax_update	16	static
../Core/Src/main.c:1467:6:motor_init	8	static
../Core/Src/main.c:1481:10:motor_drive	136	static
../Core/Src/main.c:1542:11:adc_get_values	72	static
../Core/Src/main.c:1592:6:eeprom_write	32	static
../Core/Src/main.c:1605:9:eeprom_read	32	static
../Core/Src/main.c:1622:9:eeprom_clear	24	static
../Core/Src/main.c:1636:6:eeprom_print_memory_map	8	static
../Core/Src/main.c:1678:6:eeprom_write_nbytes	24	static
../Core/Src/main.c:1691:6:eeprom_read_nbytes	24	static
../Core/Src/main.c:1734:6:Error_Handler	4	static,ignoring_inline_asm
