../Core/Src/main.c:106:5:main	8	static
../Core/Src/main.c:191:6:SystemClock_Config	88	static
../Core/Src/main.c:235:6:multiplexer_set	16	static
../Core/Src/main.c:240:5:_write	24	static
../Core/Src/main.c:247:6:parameter_init	4	static
../Core/Src/main.c:253:6:HAL_UART_RxCpltCallback	16	static
../Core/Src/main.c:269:6:main_process_input	16	static
../Core/Src/main.c:437:6:config_process_input	24	static
../Core/Src/main.c:554:6:status_message	8	static
../Core/Src/main.c:593:6:config_menu	8	static
../Core/Src/main.c:613:6:print_serial_number	8	static
../Core/Src/main.c:628:9:processInput	232	static
../Core/Src/main.c:916:6:relay_init	8	static
../Core/Src/main.c:924:6:drive_relay	16	static
../Core/Src/main.c:933:6:motor_init	8	static
../Core/Src/main.c:944:6:drive_motor	96	static
../Core/Src/main.c:989:6:Error_Handler	4	static,ignoring_inline_asm
