../Core/Src/main.c:103:5:main	8	static
../Core/Src/main.c:181:6:SystemClock_Config	88	static
../Core/Src/main.c:223:6:menu_init	8	static
../Core/Src/main.c:229:6:print	16	static
../Core/Src/main.c:235:6:parameter_init	4	static
../Core/Src/main.c:252:6:HAL_UART_RxCpltCallback	16	static
../Core/Src/main.c:269:6:process_input	72	static
../Core/Src/main.c:277:6:status_message	8	static
../Core/Src/main.c:312:6:print_serial_number	16	static
../Core/Src/main.c:330:9:processInput	232	static
../Core/Src/main.c:618:6:relay_init	8	static
../Core/Src/main.c:626:6:drive_relay	16	static
../Core/Src/main.c:635:6:motor_init	8	static
../Core/Src/main.c:646:6:drive_motor	96	static
../Core/Src/main.c:691:6:Error_Handler	4	static,ignoring_inline_asm
