../Core/Src/main.c:160:5:main	8	static
../Core/Src/main.c:238:6:SystemClock_Config	88	static
../Core/Src/main.c:286:6:main_process_input	40	static
../Core/Src/main.c:459:6:config_process_input	368	static
../Core/Src/main.c:689:6:menu_main	8	static
../Core/Src/main.c:729:6:menu_config	8	static
../Core/Src/main.c:756:6:get_user_input	32	static
../Core/Src/main.c:789:6:print_char	16	static
../Core/Src/main.c:793:6:print_serial_number	8	static
../Core/Src/main.c:809:9:is_num	24	static
../Core/Src/main.c:818:6:multiplexer_set	16	static
../Core/Src/main.c:824:6:print_inline	24	static
../Core/Src/main.c:840:6:parameter_init	24	static
../Core/Src/main.c:869:6:HAL_UART_RxCpltCallback	16	static
../Core/Src/main.c:880:6:uartrx_interrupt_init	8	static
../Core/Src/main.c:885:10:voltage_read	32	static
../Core/Src/main.c:912:6:unground_xbt	8	static
../Core/Src/main.c:920:6:calibration_resistor	8	static
../Core/Src/main.c:928:6:calibrate_on	8	static
../Core/Src/main.c:936:6:reset_relay	8	static
../Core/Src/main.c:948:6:connect_xbt_pin	16	static
../Core/Src/main.c:994:6:relay_init	8	static
../Core/Src/main.c:1003:6:drive_relay	16	static
../Core/Src/main.c:1017:6:extend_pin	16	static
../Core/Src/main.c:1026:6:retract_pin	16	static
../Core/Src/main.c:1037:6:motor_select	16	static
../Core/Src/main.c:1079:6:eeprom_write	32	static
../Core/Src/main.c:1089:9:eeprom_read	32	static
../Core/Src/main.c:1106:9:eeprom_clear	24	static
../Core/Src/main.c:1120:6:eeprom_print_map	24	static
../Core/Src/main.c:1135:6:eeprom_write_uint32	24	static
../Core/Src/main.c:1145:10:eeprom_read_uint32	40	static
../Core/Src/main.c:1177:9:processInput	232	static
../Core/Src/main.c:1465:6:motor_init	8	static
../Core/Src/main.c:1476:6:drive_motor	96	static
../Core/Src/main.c:1521:6:Error_Handler	4	static,ignoring_inline_asm
