../Core/Src/main.c:104:5:main	16	static
../Core/Src/main.c:187:6:SystemClock_Config	88	static
../Core/Src/main.c:229:6:menu_init	8	static
../Core/Src/main.c:236:5:_write	24	static
../Core/Src/main.c:242:6:parameter_init	4	static
../Core/Src/main.c:248:6:HAL_UART_RxCpltCallback	32	static
../Core/Src/main.c:262:6:process_input	16	static
../Core/Src/main.c:270:6:status_message	8	static
../Core/Src/main.c:305:6:print_serial_number	8	static
../Core/Src/main.c:321:9:processInput	232	static
../Core/Src/main.c:609:6:relay_init	8	static
../Core/Src/main.c:617:6:drive_relay	16	static
../Core/Src/main.c:626:6:motor_init	8	static
../Core/Src/main.c:637:6:drive_motor	96	static
../Core/Src/main.c:682:6:Error_Handler	4	static,ignoring_inline_asm
