../Core/Src/main.c:181:5:main	8	static
../Core/Src/main.c:263:6:SystemClock_Config	88	static
../Core/Src/main.c:307:6:test_func	32	static
../Core/Src/main.c:323:6:main_process_input	80	static
../Core/Src/main.c:500:6:config_process_input	368	static
../Core/Src/main.c:633:6:menu_main	8	static
../Core/Src/main.c:673:6:menu_config	8	static
../Core/Src/main.c:700:6:get_user_input	32	static
../Core/Src/main.c:733:6:print_char	16	static
../Core/Src/main.c:738:6:print_serial_number	8	static
../Core/Src/main.c:754:9:is_num	24	static
../Core/Src/main.c:763:6:multiplexer_set	16	static
../Core/Src/main.c:769:6:print_inline	24	static
../Core/Src/main.c:779:6:parameter_init	24	static
../Core/Src/main.c:804:6:HAL_UART_RxCpltCallback	16	static
../Core/Src/main.c:837:6:uartrx_interrupt_init	8	static
../Core/Src/main.c:870:6:unground_xbt	8	static
../Core/Src/main.c:878:6:calibration_resistor	8	static
../Core/Src/main.c:886:6:calibrate_on	8	static
../Core/Src/main.c:894:6:reset_relay	8	static
../Core/Src/main.c:906:6:connect_xbt_pin	16	static
../Core/Src/main.c:952:6:relay_init	8	static
../Core/Src/main.c:961:6:drive_relay	16	static
../Core/Src/main.c:976:6:extend_all_pins	24	static
../Core/Src/main.c:986:6:retract_all_pins	24	static
../Core/Src/main.c:997:6:extend_pin	16	static
../Core/Src/main.c:1007:6:retract_pin	16	static
../Core/Src/main.c:1018:6:motor_select	16	static
../Core/Src/main.c:1055:6:motor_init	8	static
../Core/Src/main.c:1066:6:drive_motor	136	static
../Core/Src/main.c:1166:11:get_adc_values	680	static
../Core/Src/main.c:1202:9:get_decimal	32	static
../Core/Src/main.c:1221:6:eeprom_write	32	static
../Core/Src/main.c:1234:9:eeprom_read	32	static
../Core/Src/main.c:1251:9:eeprom_clear	24	static
../Core/Src/main.c:1265:6:eeprom_print_map	24	static
../Core/Src/main.c:1280:6:eeprom_write_uint32	24	static
../Core/Src/main.c:1288:6:eeprom_write_uint16	24	static
../Core/Src/main.c:1296:6:eeprom_write_nbytes	24	static
../Core/Src/main.c:1307:6:eeprom_read_nbytes	24	static
../Core/Src/main.c:1319:10:eeprom_read_uint32	40	static
../Core/Src/main.c:1351:9:processInput	232	static
../Core/Src/main.c:1649:6:Error_Handler	4	static,ignoring_inline_asm
