../Core/Src/main.c:231:5:main	8	static
../Core/Src/main.c:310:6:SystemClock_Config	88	static
../Core/Src/main.c:358:6:menu_main_print	8	static
../Core/Src/main.c:400:6:menu_main_process_input	16	static
../Core/Src/main.c:588:6:menu_print_volt_temp	72	static
../Core/Src/main.c:598:6:menu_config_print	8	static
../Core/Src/main.c:630:6:menu_config_process_input	16	static
../Core/Src/main.c:723:6:menu_config_tubes_type_serial	280	static
../Core/Src/main.c:774:6:eeprom_clear_memory_range	280	static
../Core/Src/main.c:833:6:motor_read_stats	16	static
../Core/Src/main.c:863:6:motor_set_runtime	184	static
../Core/Src/main.c:904:6:motor_set_sampling_period	184	static
../Core/Src/main.c:950:6:motor_set_pwm_freq	184	static
../Core/Src/main.c:996:6:update_timer	32	static
../Core/Src/main.c:1030:6:motor_set_wiring	128	static
../Core/Src/main.c:1058:6:motor_reset_stats	16	static
../Core/Src/main.c:1066:6:motor_read_parameters	96	static
../Core/Src/main.c:1102:6:menu_help_print	4	static
../Core/Src/main.c:1116:6:get_user_input	32	static
../Core/Src/main.c:1150:6:print_char	16	static
../Core/Src/main.c:1156:6:print_serial_number	8	static
../Core/Src/main.c:1173:9:is_num	24	static
../Core/Src/main.c:1182:9:get_decimal	32	static
../Core/Src/main.c:1196:6:multiplexer_set	16	static
../Core/Src/main.c:1203:6:print_inline	24	static
../Core/Src/main.c:1213:6:parameter_init	8	static
../Core/Src/main.c:1235:6:HAL_UART_RxCpltCallback	16	static
../Core/Src/main.c:1247:6:HAL_ADC_ConvCpltCallback	16	static
../Core/Src/main.c:1257:6:uartrx_interrupt_init	8	static
../Core/Src/main.c:1269:6:unground_xbt	8	static
../Core/Src/main.c:1277:6:calibration_resistor	8	static
../Core/Src/main.c:1285:6:calibrate_on	8	static
../Core/Src/main.c:1293:6:reset_relay	8	static
../Core/Src/main.c:1305:6:connect_xbt_pin	16	static
../Core/Src/main.c:1351:6:relay_init	8	static
../Core/Src/main.c:1360:6:drive_relay	16	static
../Core/Src/main.c:1377:6:extend_all_pins	24	static
../Core/Src/main.c:1392:6:retract_all_pins	24	static
../Core/Src/main.c:1405:6:grease_pins	24	static
../Core/Src/main.c:1434:6:extend_pin	16	static
../Core/Src/main.c:1444:6:retract_pin	16	static
../Core/Src/main.c:1455:6:motor_select	24	static
../Core/Src/main.c:1511:6:motor_count_update	16	static
../Core/Src/main.c:1520:6:motor_imax_update	16	static
../Core/Src/main.c:1528:6:motor_init	8	static
../Core/Src/main.c:1549:10:motor_drive	136	static
../Core/Src/main.c:1618:11:adc_get_values	72	static
../Core/Src/main.c:1656:6:eeprom_write	32	static
../Core/Src/main.c:1669:9:eeprom_read	32	static
../Core/Src/main.c:1686:9:eeprom_clear	24	static
../Core/Src/main.c:1699:6:eeprom_print_memory_map	8	static
../Core/Src/main.c:1741:6:eeprom_write_nbytes	24	static
../Core/Src/main.c:1755:6:eeprom_read_nbytes	24	static
../Core/Src/main.c:1798:6:Error_Handler	4	static,ignoring_inline_asm
