17:21:32 **** Incremental Build of configuration Debug for project ADC_1 ****
make -j8 all 
arm-none-eabi-gcc "../Core/Src/main.c" -mcpu=cortex-m3 -std=gnu11 -g3 -DDEBUG -DUSE_HAL_DRIVER -DSTM32F103xB -c -I../Core/Inc -I../Drivers/STM32F1xx_HAL_Driver/Inc/Legacy -I../Drivers/STM32F1xx_HAL_Driver/Inc -I../Drivers/CMSIS/Device/ST/STM32F1xx/Include -I../Drivers/CMSIS/Include -O0 -ffunction-sections -fdata-sections -Wall -fstack-usage -fcyclomatic-complexity -MMD -MP -MF"Core/Src/main.d" -MT"Core/Src/main.o" --specs=nano.specs -mfloat-abi=soft -mthumb -o "Core/Src/main.o"
../Core/Src/main.c: In function 'main':
../Core/Src/main.c:114:11: warning: implicit declaration of function 'sprintf' [-Wimplicit-function-declaration]
  114 |           sprintf(displayMessage,"%d\r\n", adcReading);
      |           ^~~~~~~
../Core/Src/main.c:21:1: note: include '<stdio.h>' or provide a declaration of 'sprintf'
   20 | #include "main.h"
  +++ |+#include <stdio.h>
   21 | 
../Core/Src/main.c:114:11: warning: incompatible implicit declaration of built-in function 'sprintf' [-Wbuiltin-declaration-mismatch]
  114 |           sprintf(displayMessage,"%d\r\n", adcReading);
      |           ^~~~~~~
../Core/Src/main.c:114:11: note: include '<stdio.h>' or provide a declaration of 'sprintf'
../Core/Src/main.c:114:19: warning: pointer targets in passing argument 1 of 'sprintf' differ in signedness [-Wpointer-sign]
  114 |           sprintf(displayMessage,"%d\r\n", adcReading);
      |                   ^~~~~~~~~~~~~~
      |                   |
      |                   uint8_t * {aka unsigned char *}
../Core/Src/main.c:114:19: note: expected 'char *' but argument is of type 'uint8_t *' {aka 'unsigned char *'}
arm-none-eabi-gcc -o "ADC_1.elf" @"objects.list"   -mcpu=cortex-m3 -T"C:\Users\christian.saiz\STM32CubeIDE\workspace_1.13.1\ADC_1\STM32F103C8TX_FLASH.ld" --specs=nosys.specs -Wl,-Map="ADC_1.map" -Wl,--gc-sections -static --specs=nano.specs -mfloat-abi=soft -mthumb -Wl,--start-group -lc -lm -Wl,--end-group
Finished building target: ADC_1.elf
 
arm-none-eabi-size   ADC_1.elf 
arm-none-eabi-objdump -h -S  ADC_1.elf  > "ADC_1.list"
   text	   data	    bss	    dec	    hex	filename
  11736	    100	   2020	  13856	   3620	ADC_1.elf
Finished building: default.size.stdout
 
Finished building: ADC_1.list
 

17:21:32 Build Finished. 0 errors, 3 warnings. (took 773ms)

