16:25:58 **** Incremental Build of configuration Debug for project DRV8825_stepper ****
make -j8 all 
arm-none-eabi-gcc "../Core/Src/main.c" -mcpu=cortex-m3 -std=gnu11 -g3 -DDEBUG -DUSE_HAL_DRIVER -DSTM32F103xB -c -I../Core/Inc -I../Drivers/STM32F1xx_HAL_Driver/Inc/Legacy -I../Drivers/STM32F1xx_HAL_Driver/Inc -I../Drivers/CMSIS/Device/ST/STM32F1xx/Include -I../Drivers/CMSIS/Include -O0 -ffunction-sections -fdata-sections -Wall -fstack-usage -fcyclomatic-complexity -MMD -MP -MF"Core/Src/main.d" -MT"Core/Src/main.o" --specs=nano.specs -mfloat-abi=soft -mthumb -o "Core/Src/main.o"
arm-none-eabi-gcc -o "DRV8825_stepper.elf" @"objects.list"   -mcpu=cortex-m3 -T"C:\Users\christian.saiz\STM32CubeIDE\workspace_1.13.1\DRV8825_stepper\STM32F103C8TX_FLASH.ld" --specs=nosys.specs -Wl,-Map="DRV8825_stepper.map" -Wl,--gc-sections -static --specs=nano.specs -mfloat-abi=soft -mthumb -Wl,--start-group -lc -lm -Wl,--end-group
Finished building target: DRV8825_stepper.elf
 
arm-none-eabi-size   DRV8825_stepper.elf 
arm-none-eabi-objdump -h -S  DRV8825_stepper.elf  > "DRV8825_stepper.list"
   text	   data	    bss	    dec	    hex	filename
   9092	     20	   1716	  10828	   2a4c	DRV8825_stepper.elf
Finished building: default.size.stdout
 
Finished building: DRV8825_stepper.list
 

16:25:58 Build Finished. 0 errors, 0 warnings. (took 674ms)

