14:10:18 **** Incremental Build of configuration Debug for project PWM_sweep ****
make -j8 all 
arm-none-eabi-gcc "../Core/Src/main.c" -mcpu=cortex-m3 -std=gnu11 -g3 -DDEBUG -DUSE_HAL_DRIVER -DSTM32F103xB -c -I../Core/Inc -I../Drivers/STM32F1xx_HAL_Driver/Inc -I../Drivers/STM32F1xx_HAL_Driver/Inc/Legacy -I../Drivers/CMSIS/Device/ST/STM32F1xx/Include -I../Drivers/CMSIS/Include -O0 -ffunction-sections -fdata-sections -Wall -fstack-usage -fcyclomatic-complexity -MMD -MP -MF"Core/Src/main.d" -MT"Core/Src/main.o" --specs=nano.specs -mfloat-abi=soft -mthumb -o "Core/Src/main.o"
arm-none-eabi-gcc -o "PWM_sweep.elf" @"objects.list"   -mcpu=cortex-m3 -T"C:\Users\christian.saiz\STM32CubeIDE\workspace_1.13.1\PWM_sweep\STM32F103RBTX_FLASH.ld" --specs=nosys.specs -Wl,-Map="PWM_sweep.map" -Wl,--gc-sections -static --specs=nano.specs -mfloat-abi=soft -mthumb -Wl,--start-group -lc -lm -Wl,--end-group
Finished building target: PWM_sweep.elf
 
arm-none-eabi-size   PWM_sweep.elf 
arm-none-eabi-objdump -h -S  PWM_sweep.elf  > "PWM_sweep.list"
   text	   data	    bss	    dec	    hex	filename
  10124	     24	   1784	  11932	   2e9c	PWM_sweep.elf
Finished building: default.size.stdout
 
Finished building: PWM_sweep.list
 
14:10:22 **** Incremental Build of configuration Debug for project PWM_sweep ****
make -j8 all 
arm-none-eabi-size   PWM_sweep.elf 
   text	   data	    bss	    dec	    hex	filename
  10124	     24	   1784	  11932	   2e9c	PWM_sweep.elf
Finished building: default.size.stdout
 
