19:59:23 **** Incremental Build of configuration Debug for project Timer_1 ****
make -j8 all 
arm-none-eabi-gcc "../Core/Src/main.c" -mcpu=cortex-m3 -std=gnu11 -g3 -DDEBUG -DUSE_HAL_DRIVER -DSTM32F103xB -c -I../Core/Inc -I../Drivers/STM32F1xx_HAL_Driver/Inc/Legacy -I../Drivers/STM32F1xx_HAL_Driver/Inc -I../Drivers/CMSIS/Device/ST/STM32F1xx/Include -I../Drivers/CMSIS/Include -O0 -ffunction-sections -fdata-sections -Wall -fstack-usage -fcyclomatic-complexity -MMD -MP -MF"Core/Src/main.d" -MT"Core/Src/main.o" --specs=nano.specs -mfloat-abi=soft -mthumb -o "Core/Src/main.o"
../Core/Src/main.c: In function 'main':
../Core/Src/main.c:114:11: warning: implicit declaration of function 'sprintf' [-Wimplicit-function-declaration]
  114 |           sprintf(txBuffer,">> %i s\r\n",timerValue);
      |           ^~~~~~~
../Core/Src/main.c:21:1: note: include '<stdio.h>' or provide a declaration of 'sprintf'
   20 | #include "main.h"
  +++ |+#include <stdio.h>
   21 | 
../Core/Src/main.c:114:11: warning: incompatible implicit declaration of built-in function 'sprintf' [-Wbuiltin-declaration-mismatch]
  114 |           sprintf(txBuffer,">> %i s\r\n",timerValue);
      |           ^~~~~~~
../Core/Src/main.c:114:11: note: include '<stdio.h>' or provide a declaration of 'sprintf'
../Core/Src/main.c:115:38: warning: pointer targets in passing argument 2 of 'HAL_UART_Transmit' differ in signedness [-Wpointer-sign]
  115 |           HAL_UART_Transmit(&huart1, txBuffer, sizeof(txBuffer), HAL_MAX_DELAY);
      |                                      ^~~~~~~~
      |                                      |
      |                                      char *
In file included from ../Core/Inc/stm32f1xx_hal_conf.h:338,
                 from ../Drivers/STM32F1xx_HAL_Driver/Inc/stm32f1xx_hal.h:29,
                 from ../Core/Inc/main.h:30,
                 from ../Core/Src/main.c:20:
../Drivers/STM32F1xx_HAL_Driver/Inc/stm32f1xx_hal_uart.h:749:79: note: expected 'const uint8_t *' {aka 'const unsigned char *'} but argument is of type 'char *'
  749 | HAL_StatusTypeDef HAL_UART_Transmit(UART_HandleTypeDef *huart, const uint8_t *pData, uint16_t Size, uint32_t Timeout);
      |                                                                ~~~~~~~~~~~~~~~^~~~~
../Core/Src/main.c:104:12: warning: unused variable 'deltaTime' [-Wunused-variable]
  104 |   uint16_t deltaTime = 0;
      |            ^~~~~~~~~
../Core/Src/main.c:102:11: warning: unused variable 'count' [-Wunused-variable]
  102 |   uint8_t count = 0;
      |           ^~~~~
arm-none-eabi-gcc -o "Timer_1.elf" @"objects.list"   -mcpu=cortex-m3 -T"C:\Users\christian.saiz\STM32CubeIDE\workspace_1.13.1\Timer_1\STM32F103C8TX_FLASH.ld" --specs=nosys.specs -Wl,-Map="Timer_1.map" -Wl,--gc-sections -static --specs=nano.specs -mfloat-abi=soft -mthumb -Wl,--start-group -lc -lm -Wl,--end-group
Finished building target: Timer_1.elf
 
arm-none-eabi-size   Timer_1.elf 
arm-none-eabi-objdump -h -S  Timer_1.elf  > "Timer_1.list"
   text	   data	    bss	    dec	    hex	filename
  10032	    100	   2044	  12176	   2f90	Timer_1.elf
Finished building: default.size.stdout
 
Finished building: Timer_1.list
 

19:59:24 Build Finished. 0 errors, 5 warnings. (took 772ms)

