19:14:09 **** Incremental Build of configuration Debug for project Timer_2_interrupt ****
make -j8 all 
arm-none-eabi-gcc "../Core/Src/main.c" -mcpu=cortex-m3 -std=gnu11 -g3 -DDEBUG -DUSE_HAL_DRIVER -DSTM32F103xB -c -I../Core/Inc -I../Drivers/STM32F1xx_HAL_Driver/Inc/Legacy -I../Drivers/STM32F1xx_HAL_Driver/Inc -I../Drivers/CMSIS/Device/ST/STM32F1xx/Include -I../Drivers/CMSIS/Include -O0 -ffunction-sections -fdata-sections -Wall -fstack-usage -fcyclomatic-complexity -MMD -MP -MF"Core/Src/main.d" -MT"Core/Src/main.o" --specs=nano.specs -mfloat-abi=soft -mthumb -o "Core/Src/main.o"
arm-none-eabi-gcc -o "Timer_2_interrupt.elf" @"objects.list"   -mcpu=cortex-m3 -T"C:\Users\christian.saiz\STM32CubeIDE\workspace_1.13.1\Timer_2_interrupt\STM32F103C8TX_FLASH.ld" --specs=nosys.specs -Wl,-Map="Timer_2_interrupt.map" -Wl,--gc-sections -static --specs=nano.specs -mfloat-abi=soft -mthumb -Wl,--start-group -lc -lm -Wl,--end-group
Finished building target: Timer_2_interrupt.elf
 
arm-none-eabi-size   Timer_2_interrupt.elf 
arm-none-eabi-objdump -h -S  Timer_2_interrupt.elf  > "Timer_2_interrupt.list"
   text	   data	    bss	    dec	    hex	filename
   7892	     20	   1716	   9628	   259c	Timer_2_interrupt.elf
Finished building: default.size.stdout
 
Finished building: Timer_2_interrupt.list
 

19:14:10 Build Finished. 0 errors, 0 warnings. (took 720ms)

