11:13:40 **** Incremental Build of configuration Debug for project UART_3_interruptDelayTest ****
make -j8 all 
arm-none-eabi-gcc "../Core/Src/main.c" -mcpu=cortex-m3 -std=gnu11 -g3 -DDEBUG -DUSE_HAL_DRIVER -DSTM32F103xB -c -I../Core/Inc -I../Drivers/STM32F1xx_HAL_Driver/Inc/Legacy -I../Drivers/STM32F1xx_HAL_Driver/Inc -I../Drivers/CMSIS/Device/ST/STM32F1xx/Include -I../Drivers/CMSIS/Include -O0 -ffunction-sections -fdata-sections -Wall -fstack-usage -fcyclomatic-complexity -MMD -MP -MF"Core/Src/main.d" -MT"Core/Src/main.o" --specs=nano.specs -mfloat-abi=soft -mthumb -o "Core/Src/main.o"
../Core/Src/main.c: In function 'main':
../Core/Src/main.c:93:33: warning: pointer targets in passing argument 2 of 'HAL_UART_Transmit_IT' differ in signedness [-Wpointer-sign]
   93 |   HAL_UART_Transmit_IT(&huart1, welcome, sizeof(welcome));
      |                                 ^~~~~~~
      |                                 |
      |                                 char *
In file included from ../Core/Inc/stm32f1xx_hal_conf.h:338,
                 from ../Drivers/STM32F1xx_HAL_Driver/Inc/stm32f1xx_hal.h:29,
                 from ../Core/Inc/main.h:30,
                 from ../Core/Src/main.c:20:
../Drivers/STM32F1xx_HAL_Driver/Inc/stm32f1xx_hal_uart.h:751:82: note: expected 'const uint8_t *' {aka 'const unsigned char *'} but argument is of type 'char *'
  751 | HAL_StatusTypeDef HAL_UART_Transmit_IT(UART_HandleTypeDef *huart, const uint8_t *pData, uint16_t Size);
      |                                                                   ~~~~~~~~~~~~~~~^~~~~
../Core/Src/main.c:120:32: warning: pointer targets in passing argument 2 of 'HAL_UART_Receive_IT' differ in signedness [-Wpointer-sign]
  120 |   HAL_UART_Receive_IT(&huart1, rxBuffer, sizeof(rxBuffer));
      |                                ^~~~~~~~
      |                                |
      |                                char *
In file included from ../Core/Inc/stm32f1xx_hal_conf.h:338,
                 from ../Drivers/STM32F1xx_HAL_Driver/Inc/stm32f1xx_hal.h:29,
                 from ../Core/Inc/main.h:30,
                 from ../Core/Src/main.c:20:
../Drivers/STM32F1xx_HAL_Driver/Inc/stm32f1xx_hal_uart.h:752:75: note: expected 'uint8_t *' {aka 'unsigned char *'} but argument is of type 'char *'
  752 | HAL_StatusTypeDef HAL_UART_Receive_IT(UART_HandleTypeDef *huart, uint8_t *pData, uint16_t Size);
      |                                                                  ~~~~~~~~~^~~~~
../Core/Src/main.c:137:41: warning: pointer targets in passing argument 2 of 'HAL_UART_Transmit_IT' differ in signedness [-Wpointer-sign]
  137 |           HAL_UART_Transmit_IT(&huart1, txBuffer2, sizeof(txBuffer2));
      |                                         ^~~~~~~~~
      |                                         |
      |                                         char *
In file included from ../Core/Inc/stm32f1xx_hal_conf.h:338,
                 from ../Drivers/STM32F1xx_HAL_Driver/Inc/stm32f1xx_hal.h:29,
                 from ../Core/Inc/main.h:30,
                 from ../Core/Src/main.c:20:
../Drivers/STM32F1xx_HAL_Driver/Inc/stm32f1xx_hal_uart.h:751:82: note: expected 'const uint8_t *' {aka 'const unsigned char *'} but argument is of type 'char *'
  751 | HAL_StatusTypeDef HAL_UART_Transmit_IT(UART_HandleTypeDef *huart, const uint8_t *pData, uint16_t Size);
      |                                                                   ~~~~~~~~~~~~~~~^~~~~
../Core/Src/main.c:140:41: warning: pointer targets in passing argument 2 of 'HAL_UART_Transmit_IT' differ in signedness [-Wpointer-sign]
  140 |           HAL_UART_Transmit_IT(&huart1, txBuffer1, sizeof(txBuffer1));
      |                                         ^~~~~~~~~
      |                                         |
      |                                         char *
In file included from ../Core/Inc/stm32f1xx_hal_conf.h:338,
                 from ../Drivers/STM32F1xx_HAL_Driver/Inc/stm32f1xx_hal.h:29,
                 from ../Core/Inc/main.h:30,
                 from ../Core/Src/main.c:20:
../Drivers/STM32F1xx_HAL_Driver/Inc/stm32f1xx_hal_uart.h:751:82: note: expected 'const uint8_t *' {aka 'const unsigned char *'} but argument is of type 'char *'
  751 | HAL_StatusTypeDef HAL_UART_Transmit_IT(UART_HandleTypeDef *huart, const uint8_t *pData, uint16_t Size);
      |                                                                   ~~~~~~~~~~~~~~~^~~~~
../Core/Src/main.c: In function 'HAL_UART_RxCpltCallback':
../Core/Src/main.c:275:39: warning: pointer targets in passing argument 2 of 'HAL_UART_Transmit_IT' differ in signedness [-Wpointer-sign]
  275 |         HAL_UART_Transmit_IT(&huart1, rxBuffer, sizeof(rxBuffer));
      |                                       ^~~~~~~~
      |                                       |
      |                                       char *
In file included from ../Core/Inc/stm32f1xx_hal_conf.h:338,
                 from ../Drivers/STM32F1xx_HAL_Driver/Inc/stm32f1xx_hal.h:29,
                 from ../Core/Inc/main.h:30,
                 from ../Core/Src/main.c:20:
../Drivers/STM32F1xx_HAL_Driver/Inc/stm32f1xx_hal_uart.h:751:82: note: expected 'const uint8_t *' {aka 'const unsigned char *'} but argument is of type 'char *'
  751 | HAL_StatusTypeDef HAL_UART_Transmit_IT(UART_HandleTypeDef *huart, const uint8_t *pData, uint16_t Size);
      |                                                                   ~~~~~~~~~~~~~~~^~~~~
../Core/Src/main.c:277:38: warning: pointer targets in passing argument 2 of 'HAL_UART_Receive_IT' differ in signedness [-Wpointer-sign]
  277 |         HAL_UART_Receive_IT(&huart1, rxBuffer, sizeof(rxBuffer));
      |                                      ^~~~~~~~
      |                                      |
      |                                      char *
In file included from ../Core/Inc/stm32f1xx_hal_conf.h:338,
                 from ../Drivers/STM32F1xx_HAL_Driver/Inc/stm32f1xx_hal.h:29,
                 from ../Core/Inc/main.h:30,
                 from ../Core/Src/main.c:20:
../Drivers/STM32F1xx_HAL_Driver/Inc/stm32f1xx_hal_uart.h:752:75: note: expected 'uint8_t *' {aka 'unsigned char *'} but argument is of type 'char *'
  752 | HAL_StatusTypeDef HAL_UART_Receive_IT(UART_HandleTypeDef *huart, uint8_t *pData, uint16_t Size);
      |                                                                  ~~~~~~~~~^~~~~
arm-none-eabi-gcc -o "UART_3_interruptDelayTest.elf" @"objects.list"   -mcpu=cortex-m3 -T"C:\Users\christian.saiz\STM32CubeIDE\workspace_1.13.1\UART_3_interruptDelayTest\STM32F103C8TX_FLASH.ld" --specs=nosys.specs -Wl,-Map="UART_3_interruptDelayTest.map" -Wl,--gc-sections -static --specs=nano.specs -mfloat-abi=soft -mthumb -Wl,--start-group -lc -lm -Wl,--end-group
Finished building target: UART_3_interruptDelayTest.elf
 
arm-none-eabi-size   UART_3_interruptDelayTest.elf 
arm-none-eabi-objdump -h -S  UART_3_interruptDelayTest.elf  > "UART_3_interruptDelayTest.list"
   text	   data	    bss	    dec	    hex	filename
  10056	     20	   1644	  11720	   2dc8	UART_3_interruptDelayTest.elf
Finished building: default.size.stdout
 
Finished building: UART_3_interruptDelayTest.list
 

11:13:41 Build Finished. 0 errors, 6 warnings. (took 665ms)

